=== FAST STEP 5b9010cd start 12:25:07 ===
vite v8.1.3 building client environment for production...
[2Ktransforming...✓ 568 modules transformed.
rendering chunks...
computing gzip size...
dist/index.html                                          1.20 kB │ gzip:   0.62 kB
dist/map3.html                                           1.92 kB │ gzip:   0.89 kB
dist/assets/legacy-main-BSThLq4n.css                    17.97 kB │ gzip:   4.28 kB
dist/assets/style-Cz5sWwCB.css                         165.78 kB │ gzip:  34.06 kB
dist/assets/index-CFEsX1Md.css                         205.11 kB │ gzip:  38.81 kB
dist/assets/viewmodel-body-fit-BomOnoks.js               0.22 kB │ gzip:   0.15 kB
dist/assets/map3-arena-oEcI6xdE.js                       0.25 kB │ gzip:   0.19 kB
dist/assets/retry-load-DIpB1FEH.js                       0.25 kB │ gzip:   0.21 kB
dist/assets/webgpu-adapter-diagnostics-BNE2ATWW.js       0.34 kB │ gzip:   0.21 kB
dist/assets/release-identity-Vh8SHw1V.js                 0.51 kB │ gzip:   0.36 kB
dist/assets/rolldown-runtime-QTnfLwEv.js                 0.69 kB │ gzip:   0.42 kB
dist/assets/modulepreload-polyfill-Dezn_h7o.js           0.69 kB │ gzip:   0.39 kB
dist/assets/noise-CaA4Zn7z.js                            1.09 kB │ gzip:   0.56 kB
dist/assets/map3-Dv2OxQmt.js                             1.18 kB │ gzip:   0.73 kB
dist/assets/test1-CD6MEovF.js                            1.20 kB │ gzip:   0.73 kB
dist/assets/webgpu-tint-swizzle-shim-Bn2yF8yy.js         1.24 kB │ gzip:   0.58 kB
dist/assets/preload-helper-DYl5dUZ5.js                   1.27 kB │ gzip:   0.70 kB
dist/assets/test2-Be3I8B7a.js                            1.30 kB │ gzip:   0.77 kB
dist/assets/main-BoZZR2NZ.js                             1.67 kB │ gzip:   1.03 kB
dist/assets/farcrysis-CpBNps8c.js                        1.69 kB │ gzip:   0.87 kB
dist/assets/raid2-BUTVeZG5.js                            1.70 kB │ gzip:   0.91 kB
dist/assets/atomic-acres-Bd53U0O8.js                     1.70 kB │ gzip:   0.93 kB
dist/assets/skyline-terminal-f8F6lw4M.js                 1.74 kB │ gzip:   0.90 kB
dist/assets/high-seas-BsKxQSUX.js                        2.42 kB │ gzip:   1.20 kB
dist/assets/rustworks-1v1-DyWp-CQ4.js                    2.83 kB │ gzip:   1.20 kB
dist/assets/webgpu-diagnostics-screen-BO3QB7N0.js        3.45 kB │ gzip:   1.54 kB
dist/assets/gun-range-rack-presentation-CWoBLR0X.js      3.57 kB │ gzip:   1.49 kB
dist/assets/nuketown2-Bdxs7IHd.js                        3.82 kB │ gzip:   1.37 kB
dist/assets/index-DRWEO73L.js                            4.24 kB │ gzip:   1.85 kB
dist/assets/map3-arena-xAc471WW.js                       4.30 kB │ gzip:   2.13 kB
dist/assets/gun-range-ro50f1GM.js                        5.04 kB │ gzip:   1.74 kB
dist/assets/shared-B6kQDIU4.js                           6.51 kB │ gzip:   2.43 kB
dist/assets/webgpu-adapter-diagnostics-BK_qrMAJ.js       7.75 kB │ gzip:   3.19 kB
dist/assets/sky-backdrop-DxBot3Py.js                     9.52 kB │ gzip:   3.55 kB
dist/assets/deterministic-rng-nx90o3TI.js                9.83 kB │ gzip:   3.89 kB
dist/assets/ballistics-k78E5yp3.js                       9.88 kB │ gzip:   3.86 kB
dist/assets/raid2-arena-CWBk9ui_.js                     10.88 kB │ gzip:   3.86 kB
dist/assets/map3-CIP3QorG.js                            16.95 kB │ gzip:   7.63 kB
dist/assets/three.webgpu-DDd2cbxu.js                    19.22 kB │ gzip:   7.50 kB
dist/assets/vendor-three-loaders-I9KTI4XO.js            42.89 kB │ gzip:  12.74 kB
dist/assets/map-Dez1d0vh.js                             44.49 kB │ gzip:  15.42 kB
dist/assets/high-seas-DE8KGc7a.js                       45.43 kB │ gzip:  14.34 kB
dist/assets/changelog-CasHtdVI.js                       52.38 kB │ gzip:  18.99 kB
dist/assets/test-maps-CG8M41nj.js                       53.08 kB │ gzip:  19.36 kB
dist/assets/vendor-peer-DW-fpQKQ.js                     86.87 kB │ gzip:  23.17 kB
dist/assets/corridor-colosseum-BJDUz2l1.js              97.25 kB │ gzip:  36.10 kB
dist/assets/additional-maps-DCpF_Qla.js                111.52 kB │ gzip:  33.46 kB
dist/assets/farcrysis-C-X_eEEA.js                      147.83 kB │ gzip:  47.90 kB
dist/assets/nuke-event-BplK4-7p.js                     152.08 kB │ gzip:  49.69 kB
dist/assets/gameplay-DBoz1QMu.js                       528.67 kB │ gzip: 143.81 kB
dist/assets/vendor-three-DBgW9i60.js                 1,574.44 kB │ gzip: 447.16 kB
dist/assets/legacy-main-CO_TtT3v.js                  1,947.65 kB │ gzip: 599.29 kB
dist/assets/rapier-USIc5Cek.js                       2,236.65 kB │ gzip: 842.25 kB

✓ built in 1.71s
[plugin builtin:vite-reporter] 
(!) Some chunks are larger than 500 kB after minification. Consider:
- Using dynamic import() to code-split the application
- Use build.rolldownOptions.output.codeSplitting to improve chunking: https://rolldown.rs/reference/OutputOptions.codeSplitting
- Adjust chunk size limit for this warning via build.chunkSizeWarningLimit.
--- build done 12:25:13 ---
  ➜  Local:   http://127.0.0.1:4292/
--- preview up 12:25:16 ---

Running 1 test using 1 worker

(node:213820) Warning: The 'NO_COLOR' env is ignored due to the 'FORCE_COLOR' env being set.
(Use `node --trace-warnings ...` to show where the warning was created)
  x  1 [chromium] › tests\e2e\pass74-arena-boot-smoke.spec.ts:119:9 › arena boot smoke — every canonical arena › high-seas: boots a clean visible solo match (2.3m)


  1) [chromium] › tests\e2e\pass74-arena-boot-smoke.spec.ts:119:9 › arena boot smoke — every canonical arena › high-seas: boots a clean visible solo match 

    TimeoutError: page.waitForFunction: Timeout 120000ms exceeded.

      146 |       // Reach active phase - or surface the game's own deployment failure text,
      147 |       // which names the cause instead of a bare timeout.
    > 148 |       const outcomeHandle = await page.waitForFunction(
          |                                        ^
      149 |         () => {
      150 |           const api = (window as unknown as { __ATOMIC_ACRES_DEBUG__?: DebugApi }).__ATOMIC_ACRES_DEBUG__;
      151 |           const state = api?.snapshot();
        at C:\Users\david\projects\aa-bisect-highseas\tests\e2e\pass74-arena-boot-smoke.spec.ts:148:40

    attachment #1: screenshot (image/png) ──────────────────────────────────────────────────────────
    artifacts\pass25a\playwright-results\pass74-arena-boot-smoke-ar-c0982--a-clean-visible-solo-match-chromium\test-failed-1.png
    ────────────────────────────────────────────────────────────────────────────────────────────────

    Error Context: artifacts\pass25a\playwright-results\pass74-arena-boot-smoke-ar-c0982--a-clean-visible-solo-match-chromium\error-context.md

    attachment #3: trace (application/zip) ─────────────────────────────────────────────────────────
    artifacts\pass25a\playwright-results\pass74-arena-boot-smoke-ar-c0982--a-clean-visible-solo-match-chromium\trace.zip
    Usage:

        npx playwright show-trace artifacts\pass25a\playwright-results\pass74-arena-boot-smoke-ar-c0982--a-clean-visible-solo-match-chromium\trace.zip

    ────────────────────────────────────────────────────────────────────────────────────────────────

  1 failed
    [chromium] › tests\e2e\pass74-arena-boot-smoke.spec.ts:119:9 › arena boot smoke — every canonical arena › high-seas: boots a clean visible solo match 
=== RESULT 5b9010cd exit=1 12:27:44 ===
